// Jest Snapshot v1, https://goo.gl/fbAQLP

exports[`topbar component 1`] = `
<ul>
  <li>
    <Link
      to="/"
    >
      Home
    </Link>
  </li>
  <li>
    <Link
      to="/about"
    >
      About
    </Link>
  </li>
  <li>
    <Link
      to="/dashboard"
    >
      Dashboard
    </Link>
  </li>
</ul>
`;
